Microchip MPLAB XC8 Compiler V2.32

Linker command line:

-W-3 --edf=C:\Program Files\Microchip\xc8\v2.32\pic\dat\en_msgs.txt -cn \
  -h+dist/default/production\Projetofim.X.production.sym \
  --cmf=dist/default/production\Projetofim.X.production.cmf -z -Q18F4520 \
  -oC:\Users\isabe\AppData\Local\Temp\xcAsb2o.4 --defsym=__MPLAB_BUILD=1 \
  -Mdist/default/production/Projetofim.X.production.map -E1 \
  -ver=XC8 Compiler --acfsm=1493 -ASTACK=080h-05FFh -pstack=STACK \
  -ACODE=00h-07FFFh -ACONST=00h-07FFFh -ASMALLCONST=0600h-06FFhx122 \
  -AMEDIUMCONST=0600h-07FFFh -ACOMRAM=01h-07Fh -AABS1=00h-05FFh \
  -ABIGRAM=01h-05FFh -ARAM=080h-0FFh,0100h-01FFhx5 -ABANK0=080h-0FFh \
  -ABANK1=0100h-01FFh -ABANK2=0200h-02FFh -ABANK3=0300h-03FFh \
  -ABANK4=0400h-04FFh -ABANK5=0500h-05FFh -ASFR=0F80h-0FFFh \
  -ACONFIG=0300000h-030000Dh -AIDLOC=0200000h-0200007h \
  -AEEDATA=0F00000h-0F000FFh -peeprom_data=EEDATA \
  -preset_vec=00h,intcode,intcodelo,powerup,init -pramtop=0600h \
  -psmallconst=SMALLCONST -pmediumconst=MEDIUMCONST -pconst=CONST \
  -AFARRAM=00h-00h \
  -prdata=COMRAM,nvrram=COMRAM,nvbit=COMRAM,rbss=COMRAM,rbit=COMRAM \
  -pfarbss=FARRAM,fardata=FARRAM,nvFARRAM=FARRAM \
  -pintsave_regs=BIGRAM,bigbss=BIGRAM,bigdata=BIGRAM -pbss=RAM \
  -pidata=CODE,irdata=CODE,ibigdata=CODE,ifardata=CODE -prparam=COMRAM \
  C:\Users\isabe\AppData\Local\Temp\xcAsb2o.o \
  dist/default/production\Projetofim.X.production.o 

Object code version is 3.11

Machine type is 18F4520



                Name                               Link     Load   Length Selector   Space Scale
C:\Users\isabe\AppData\Local\Temp\xcAsb2o.o
                idloc                            200000   200000        8        0       5
                config                           300000   300000        E        0       4
                init                                  0        0        4        0       0
dist/default/production\Projetofim.X.production.o
                idloc                            200000   200000        8        0       5
                config                           300000   300000        E        0       4
                mediumconst                        7ECE     7ECE      132     3F67       0
                text27                             6A80     6A80       C4     3540       0
                text26                             69D0     69D0       B0     34E8       0
                text25                             64A0     64A0       18     3250       0
                text24                             6F1E     6F1E      24E     378F       0
                text23                             653A     653A       54     329D       0
                text22                             66A8     66A8       74     3354       0
                text21                             64D2     64D2       1C     3269       0
                text20                             6808     6808       7E     3404       0
                text19                             6886     6886       A4     3443       0
                text18                             671C     671C       74     338E       0
                text17                             64EE     64EE       26     3277       0
                text16                             663C     663C       6C     331E       0
                text15                             6DA0     6DA0      17E     36D0       0
                text14                             6476     6476        A     323B       0
                text13                             65E4     65E4       58     32F2       0
                text12                             6C50     6C50      150     3628       0
                text11                             716C     716C      24E     38B6       0
                text10                             73BA     73BA      24E     39DD       0
                text9                              7856     7856      2F6     3C2B       0
                text8                              7B4C     7B4C      382     3DA6       0
                text7                              6480     6480        A     3240       0
                text6                              7608     7608      24E     3B04       0
                text5                              6790     6790       78     33C8       0
                text4                              6B44     6B44      10C     35A2       0
                text3                              6514     6514       26     328A       0
                text2                              64B8     64B8       1A     325C       0
                text1                              658E     658E       56     32C7       0
                text0                              692A     692A       A6     3495       0
                cstackCOMRAM                          1        1       1B        1       1
                bssCOMRAM                            1C       1C       1A        1       1
                cinit                              648A     648A       16     3245       0

TOTAL           Name                               Link     Load   Length     Space
        CLASS   STACK          

        CLASS   CODE           
                init                                  0        0        4         0
                text27                             6A80     6A80       C4         0
                text26                             69D0     69D0       B0         0
                text25                             64A0     64A0       18         0
                text24                             6F1E     6F1E      24E         0
                text23                             653A     653A       54         0
                text22                             66A8     66A8       74         0
                text21                             64D2     64D2       1C         0
                text20                             6808     6808       7E         0
                text19                             6886     6886       A4         0
                text18                             671C     671C       74         0
                text17                             64EE     64EE       26         0
                text16                             663C     663C       6C         0
                text15                             6DA0     6DA0      17E         0
                text14                             6476     6476        A         0
                text13                             65E4     65E4       58         0
                text12                             6C50     6C50      150         0
                text11                             716C     716C      24E         0
                text10                             73BA     73BA      24E         0
                text9                              7856     7856      2F6         0
                text8                              7B4C     7B4C      382         0
                text7                              6480     6480        A         0
                text6                              7608     7608      24E         0
                text5                              6790     6790       78         0
                text4                              6B44     6B44      10C         0
                text3                              6514     6514       26         0
                text2                              64B8     64B8       1A         0
                text1                              658E     658E       56         0
                text0                              692A     692A       A6         0
                cinit                              648A     648A       16         0

        CLASS   CONST          

        CLASS   SMALLCONST     

        CLASS   MEDIUMCONST    
                mediumconst                        7ECE     7ECE      132         0

        CLASS   COMRAM         
                cstackCOMRAM                          1        1       1B         1
                bssCOMRAM                            1C       1C       1A         1

        CLASS   ABS1           

        CLASS   BIGRAM         

        CLASS   RAM            

        CLASS   BANK0          

        CLASS   BANK1          

        CLASS   BANK2          

        CLASS   BANK3          

        CLASS   BANK4          

        CLASS   BANK5          

        CLASS   SFR            

        CLASS   CONFIG         
                config                           300000   300000        E         4

        CLASS   IDLOC          
                idloc                            200000   200000        8         5

        CLASS   EEDATA         

        CLASS   FARRAM         



SEGMENTS        Name                           Load    Length   Top    Selector   Space  Class

                reset_vec                      000000  000004  000004         0       0  CODE    
                cstackCOMRAM                   000001  000035  000036         1       1  COMRAM  
                text14                         006476  00000A  006480      323B       0  CODE    
                text7                          006480  00000A  00648A      3240       0  CODE    
                cinit                          00648A  000016  0064A0      3245       0  CODE    
                text25                         0064A0  000018  0064B8      3250       0  CODE    
                text2                          0064B8  00001A  0064D2      325C       0  CODE    
                text21                         0064D2  00001C  0064EE      3269       0  CODE    
                text17                         0064EE  000026  006514      3277       0  CODE    
                text3                          006514  000026  00653A      328A       0  CODE    
                text23                         00653A  000054  00658E      329D       0  CODE    
                text1                          00658E  000056  0065E4      32C7       0  CODE    
                text13                         0065E4  000058  00663C      32F2       0  CODE    
                text16                         00663C  00006C  0066A8      331E       0  CODE    
                text22                         0066A8  000074  00671C      3354       0  CODE    
                text18                         00671C  000074  006790      338E       0  CODE    
                text5                          006790  000078  006808      33C8       0  CODE    
                text20                         006808  00007E  006886      3404       0  CODE    
                text19                         006886  0000A4  00692A      3443       0  CODE    
                text0                          00692A  0000A6  0069D0      3495       0  CODE    
                text26                         0069D0  0000B0  006A80      34E8       0  CODE    
                text27                         006A80  0000C4  006B44      3540       0  CODE    
                text4                          006B44  00010C  006C50      35A2       0  CODE    
                text12                         006C50  000150  006DA0      3628       0  CODE    
                text15                         006DA0  00017E  006F1E      36D0       0  CODE    
                text24                         006F1E  00024E  00716C      378F       0  CODE    
                text11                         00716C  00024E  0073BA      38B6       0  CODE    
                text10                         0073BA  00024E  007608      39DD       0  CODE    
                text6                          007608  00024E  007856      3B04       0  CODE    
                text9                          007856  0002F6  007B4C      3C2B       0  CODE    
                text8                          007B4C  000382  007ECE      3DA6       0  CODE    
                mediumconst                    007ECE  000132  008000      3F67       0  MEDIUMCO


UNUSED ADDRESS RANGES

        Name                Unused          Largest block    Delta
        BANK0            000080-0000FF               80
        BANK1            000100-0001FF              100
        BANK2            000200-0002FF              100
        BANK3            000300-0003FF              100
        BANK4            000400-0004FF              100
        BANK5            000500-0005FF              100
        BIGRAM           000036-0005FF              5CA
        CODE             000004-006475             6472
        COMRAM           000036-00007F               4A
        CONST            000004-006475             6472
        EEDATA           F00000-F000FF              100
        MEDIUMCONST      000600-006475             5E76
        RAM              000080-0005FF              100
        SFR              000F80-000FFF               80
        SMALLCONST       000600-006475              100
        STACK            000080-0005FF              580

                                  Symbol Table

?___aldiv                cstackCOMRAM 000001
?___awdiv                cstackCOMRAM 000001
?___awmod                cstackCOMRAM 000009
?___lwdiv                cstackCOMRAM 000001
?___wmul                 cstackCOMRAM 000001
?_kpRead                 cstackCOMRAM 000001
Delay2ms@i               cstackCOMRAM 000002
Delay40us@i              cstackCOMRAM 000001
_CCP1CON                 (abs)        000FBD
_CCPR1L                  (abs)        000FBE
_Delay2ms                text21       0064D2
_Delay40us               text25       0064A0
_PORTA                   (abs)        000F80
_PORTB                   (abs)        000F81
_PORTC                   (abs)        000F82
_PORTD                   (abs)        000F83
_PORTE                   (abs)        000F84
_PR2                     (abs)        000FCB
_T2CON                   (abs)        000FCA
_TRISA                   (abs)        000F92
_TRISB                   (abs)        000F93
_TRISC                   (abs)        000F94
_TRISD                   (abs)        000F95
_TRISE                   (abs)        000F96
__HRAM                   (abs)        000000
__Habs1                  abs1         000000
__Hbank0                 bank0        000000
__Hbank1                 bank1        000000
__Hbank2                 bank2        000000
__Hbank3                 bank3        000000
__Hbank4                 bank4        000000
__Hbank5                 bank5        000000
__Hbigbss                bigbss       000000
__Hbigdata               bigdata      000000
__Hbigram                bigram       000000
__Hbss                   bss          000000
__HbssCOMRAM             bssCOMRAM    000000
__Hcinit                 cinit        000000
__Hclrtext               clrtext      000000
__Hcomram                comram       000000
__Hconfig                config       30000E
__Hconst                 const        000000
__HcstackCOMRAM          cstackCOMRAM 000000
__Hdata                  data         000000
__Heeprom_data           eeprom_data  000000
__Hfarbss                farbss       000000
__Hfardata               fardata      000000
__Hibigdata              ibigdata     000000
__Hidata                 idata        000000
__Hidloc                 idloc        200008
__Hifardata              ifardata     000000
__Hinit                  init         000004
__Hintcode               intcode      000000
__Hintcode_body          intcode_body 000000
__Hintcodelo             intcodelo    000000
__Hintentry              intentry     000000
__Hintret                intret       000000
__Hintsave_regs          intsave_regs 000000
__Hirdata                irdata       000000
__Hmediumconst           mediumconst  008000
__HnvFARRAM              nvFARRAM     000000
__Hnvbit                 nvbit        000000
__Hnvrram                nvrram       000000
__Hparam                 rparam       000000
__Hpowerup               powerup      000000
__Hram                   ram          000000
__Hramtop                ramtop       000600
__Hrbit                  rbit         000000
__Hrbss                  rbss         000000
__Hrdata                 rdata        000000
__Hreset_vec             reset_vec    000000
__Hrparam                rparam       000000
__Hsfr                   sfr          000000
__Hsmallconst            smallconst   000000
__Hspace_0               (abs)        008000
__Hspace_1               (abs)        000036
__Hspace_2               (abs)        000000
__Hspace_4               (abs)        60000E
__Hstack                 stack        000000
__Hstruct                struct       000000
__Htemp                  temp         000000
__Htext                  text         000000
__Htext0                 text0        000000
__Htext1                 text1        000000
__Htext10                text10       000000
__Htext11                text11       000000
__Htext12                text12       000000
__Htext13                text13       000000
__Htext14                text14       000000
__Htext15                text15       000000
__Htext16                text16       000000
__Htext17                text17       000000
__Htext18                text18       000000
__Htext19                text19       000000
__Htext2                 text2        000000
__Htext20                text20       000000
__Htext21                text21       000000
__Htext22                text22       000000
__Htext23                text23       000000
__Htext24                text24       000000
__Htext25                text25       000000
__Htext26                text26       000000
__Htext27                text27       000000
__Htext3                 text3        000000
__Htext4                 text4        000000
__Htext5                 text5        000000
__Htext6                 text6        000000
__Htext7                 text7        000000
__Htext8                 text8        000000
__Htext9                 text9        000000
__LRAM                   (abs)        000001
__Labs1                  abs1         000000
__Lbank0                 bank0        000000
__Lbank1                 bank1        000000
__Lbank2                 bank2        000000
__Lbank3                 bank3        000000
__Lbank4                 bank4        000000
__Lbank5                 bank5        000000
__Lbigbss                bigbss       000000
__Lbigdata               bigdata      000000
__Lbigram                bigram       000000
__Lbss                   bss          000000
__LbssCOMRAM             bssCOMRAM    000000
__Lcinit                 cinit        000000
__Lclrtext               clrtext      000000
__Lcomram                comram       000000
__Lconfig                config       000000
__Lconst                 const        000000
__LcstackCOMRAM          cstackCOMRAM 000000
__Ldata                  data         000000
__Leeprom_data           eeprom_data  000000
__Lfarbss                farbss       000000
__Lfardata               fardata      000000
__Libigdata              ibigdata     000000
__Lidata                 idata        000000
__Lidloc                 idloc        000000
__Lifardata              ifardata     000000
__Linit                  init         000000
__Lintcode               intcode      000000
__Lintcode_body          intcode_body 000000
__Lintcodelo             intcodelo    000000
__Lintentry              intentry     000000
__Lintret                intret       000000
__Lintsave_regs          intsave_regs 000000
__Lirdata                irdata       000000
__Lmediumconst           mediumconst  007ECE
__LnvFARRAM              nvFARRAM     000000
__Lnvbit                 nvbit        000000
__Lnvrram                nvrram       000000
__Lparam                 rparam       000000
__Lpowerup               powerup      000000
__Lram                   ram          000000
__Lramtop                ramtop       000600
__Lrbit                  rbit         000000
__Lrbss                  rbss         000000
__Lrdata                 rdata        000000
__Lreset_vec             reset_vec    000000
__Lrparam                rparam       000000
__Lsfr                   sfr          000000
__Lsmallconst            smallconst   000000
__Lspace_0               (abs)        000000
__Lspace_1               (abs)        000000
__Lspace_2               (abs)        000000
__Lspace_4               (abs)        000000
__Lstack                 stack        000000
__Lstruct                struct       000000
__Ltemp                  temp         000000
__Ltext                  text         000000
__Ltext0                 text0        000000
__Ltext1                 text1        000000
__Ltext10                text10       000000
__Ltext11                text11       000000
__Ltext12                text12       000000
__Ltext13                text13       000000
__Ltext14                text14       000000
__Ltext15                text15       000000
__Ltext16                text16       000000
__Ltext17                text17       000000
__Ltext18                text18       000000
__Ltext19                text19       000000
__Ltext2                 text2        000000
__Ltext20                text20       000000
__Ltext21                text21       000000
__Ltext22                text22       000000
__Ltext23                text23       000000
__Ltext24                text24       000000
__Ltext25                text25       000000
__Ltext26                text26       000000
__Ltext27                text27       000000
__Ltext3                 text3        000000
__Ltext4                 text4        000000
__Ltext5                 text5        000000
__Ltext6                 text6        000000
__Ltext7                 text7        000000
__Ltext8                 text8        000000
__Ltext9                 text9        000000
__S0                     (abs)        008000
__S1                     (abs)        000036
__S2                     (abs)        000000
__S4                     (abs)        000000
__S5                     (abs)        000000
___aldiv                 text4        006B44
___aldiv@counter         cstackCOMRAM 000009
___aldiv@dividend        cstackCOMRAM 000001
___aldiv@divisor         cstackCOMRAM 000005
___aldiv@quotient        cstackCOMRAM 00000B
___aldiv@sign            cstackCOMRAM 00000A
___awdiv                 text27       006A80
___awdiv@counter         cstackCOMRAM 000005
___awdiv@dividend        cstackCOMRAM 000001
___awdiv@divisor         cstackCOMRAM 000003
___awdiv@quotient        cstackCOMRAM 000007
___awdiv@sign            cstackCOMRAM 000006
___awmod                 text26       0069D0
___awmod@counter         cstackCOMRAM 00000D
___awmod@dividend        cstackCOMRAM 000009
___awmod@divisor         cstackCOMRAM 00000B
___awmod@sign            cstackCOMRAM 00000E
___inthi_sp              stack        000000
___intlo_sp              stack        000000
___lwdiv                 text18       00671C
___lwdiv@counter         cstackCOMRAM 000007
___lwdiv@dividend        cstackCOMRAM 000001
___lwdiv@divisor         cstackCOMRAM 000003
___lwdiv@quotient        cstackCOMRAM 000005
___param_bank            (abs)        000000
___rparam_used           (abs)        000001
___sp                    stack        000000
___wmul                  text17       0064EE
___wmul@multiplicand     cstackCOMRAM 000003
___wmul@multiplier       cstackCOMRAM 000001
___wmul@product          cstackCOMRAM 000005
__accesstop              (abs)        000080
__activetblptr           (abs)        000002
__end_of_Delay2ms        text21       0064EE
__end_of_Delay40us       text25       0064B8
__end_of___aldiv         text4        006C50
__end_of___awdiv         text27       006B44
__end_of___awmod         text26       006A80
__end_of___lwdiv         text18       006790
__end_of___wmul          text17       006514
__end_of__initialization cinit        006496
__end_of_acesso          text9        007B4C
__end_of_defineSenha     text8        007ECE
__end_of_digitalWrite    text24       00716C
__end_of_kpDebounce      text15       006F1E
__end_of_kpInit          text7        00648A
__end_of_kpRead          text14       006480
__end_of_lcdCommand      text20       006886
__end_of_lcdData         text23       00658E
__end_of_lcdInit         text5        006808
__end_of_lcdNumber       text22       00671C
__end_of_main            text0        0069D0
__end_of_pinMode         text6        007856
__end_of_printf          text19       00692A
__end_of_pwmFrequency    text3        00653A
__end_of_pwmInit         text2        0064D2
__end_of_pwmSet          text16       0066A8
__end_of_ssdDigit        text13       00663C
__end_of_ssdInit         text1        0065E4
__end_of_ssdUpdate       text12       006DA0
__end_of_teclado1        text11       0073BA
__end_of_teclado2        text10       007608
__end_of_valor@ssd$F285  mediumconst  007EDF
__initialization         cinit        00648A
__mediumconst            mediumconst  007ECE
__pbssCOMRAM             bssCOMRAM    00001C
__pcinit                 cinit        00648A
__pcstackCOMRAM          cstackCOMRAM 000001
__pmediumconst           mediumconst  007ECE
__ptext0                 text0        00692A
__ptext1                 text1        00658E
__ptext10                text10       0073BA
__ptext11                text11       00716C
__ptext12                text12       006C50
__ptext13                text13       0065E4
__ptext14                text14       006476
__ptext15                text15       006DA0
__ptext16                text16       00663C
__ptext17                text17       0064EE
__ptext18                text18       00671C
__ptext19                text19       006886
__ptext2                 text2        0064B8
__ptext20                text20       006808
__ptext21                text21       0064D2
__ptext22                text22       0066A8
__ptext23                text23       00653A
__ptext24                text24       006F1E
__ptext25                text25       0064A0
__ptext26                text26       0069D0
__ptext27                text27       006A80
__ptext3                 text3        006514
__ptext4                 text4        006B44
__ptext5                 text5        006790
__ptext6                 text6        007608
__ptext7                 text7        006480
__ptext8                 text8        007B4C
__ptext9                 text9        007856
__ramtop                 ramtop       000600
__size_of_Delay2ms       (abs)        000000
__size_of_Delay40us      (abs)        000000
__size_of___aldiv        (abs)        000000
__size_of___awdiv        (abs)        000000
__size_of___awmod        (abs)        000000
__size_of___lwdiv        (abs)        000000
__size_of___wmul         (abs)        000000
__size_of_acesso         (abs)        000000
__size_of_defineSenha    (abs)        000000
__size_of_digitalWrite   (abs)        000000
__size_of_kpDebounce     (abs)        000000
__size_of_kpInit         (abs)        000000
__size_of_kpRead         (abs)        000000
__size_of_lcdCommand     (abs)        000000
__size_of_lcdData        (abs)        000000
__size_of_lcdInit        (abs)        000000
__size_of_lcdNumber      (abs)        000000
__size_of_main           (abs)        000000
__size_of_pinMode        (abs)        000000
__size_of_printf         (abs)        000000
__size_of_pwmFrequency   (abs)        000000
__size_of_pwmInit        (abs)        000000
__size_of_pwmSet         (abs)        000000
__size_of_ssdDigit       (abs)        000000
__size_of_ssdInit        (abs)        000000
__size_of_ssdUpdate      (abs)        000000
__size_of_teclado1       (abs)        000000
__size_of_teclado2       (abs)        000000
__smallconst             smallconst   000000
_acesso                  text9        007856
_defineSenha             text8        007B4C
_digitalWrite            text24       006F1E
_display                 bssCOMRAM    000034
_flag1                   bssCOMRAM    00002E
_flag2                   bssCOMRAM    00002C
_kpDebounce              text15       006DA0
_kpInit                  text7        006480
_kpRead                  text14       006476
_lcdCommand              text20       006808
_lcdData                 text23       00653A
_lcdInit                 text5        006790
_lcdNumber               text22       0066A8
_main                    text0        00692A
_pinMode                 text6        007608
_printf                  text19       006886
_pwmFrequency            text3        006514
_pwmInit                 text2        0064B8
_pwmSet                  text16       00663C
_senha                   bssCOMRAM    00001C
_ssdDigit                text13       0065E4
_ssdInit                 text1        00658E
_ssdUpdate               text12       006C50
_teclado1                text11       00716C
_teclado2                text10       0073BA
_v0                      bssCOMRAM    000033
_v1                      bssCOMRAM    000032
_v2                      bssCOMRAM    000031
_v3                      bssCOMRAM    000030
_valor                   bssCOMRAM    00002A
_valor@ssd$F285          mediumconst  007ECF
acesso@i                 cstackCOMRAM 000018
acesso@time              cstackCOMRAM 000016
defineSenha@i            cstackCOMRAM 000013
defineSenha@temp         cstackCOMRAM 00000F
defineSenha@time         cstackCOMRAM 000011
digitalWrite@pin         cstackCOMRAM 000001
digitalWrite@value       cstackCOMRAM 000003
end_of_initialization    cinit        006496
intlevel0                text         000000
intlevel1                text         000000
intlevel2                text         000000
intlevel3                text         000000
isa$std                  (abs)        000001
isa$xinst                (abs)        000000
kpDebounce@i             cstackCOMRAM 00000A
kpDebounce@j             cstackCOMRAM 000009
kpDebounce@k             cstackCOMRAM 000007
kpDebounce@old_D         cstackCOMRAM 000006
kpDebounce@tempo         bssCOMRAM    000035
kpDebounce@valorAntigo   bssCOMRAM    000026
kpDebounce@valorNovo     bssCOMRAM    000028
lcdCommand@cmd           cstackCOMRAM 000008
lcdCommand@old_D         cstackCOMRAM 000007
lcdData@old_D            cstackCOMRAM 000008
lcdData@valor            cstackCOMRAM 000007
lcdNumber@i              cstackCOMRAM 000011
lcdNumber@value          cstackCOMRAM 00000F
main@k                   cstackCOMRAM 00001A
pinMode@pin              cstackCOMRAM 000001
pinMode@type             cstackCOMRAM 000003
printf@i                 cstackCOMRAM 00000D
printf@texto             cstackCOMRAM 000009
pwmFrequency@freq        cstackCOMRAM 00000F
pwmSet@porcento          cstackCOMRAM 00000A
pwmSet@val               cstackCOMRAM 00000B
ssdDigit@pos             cstackCOMRAM 000001
ssdDigit@val             cstackCOMRAM 000002
stackhi                  (abs)        0005FF
stacklo                  (abs)        000080
start                    init         000000
start_initialization     cinit        00648A
teclado1@i               cstackCOMRAM 00000F
teclado1@temp            cstackCOMRAM 00000B
teclado1@time            cstackCOMRAM 00000D
teclado2@j               cstackCOMRAM 00000F
teclado2@temp            cstackCOMRAM 00000B
teclado2@time            cstackCOMRAM 00000D


MODULE INFORMATION

Module		Function		Class		Link	Load	Size
ssd.c
		_ssdInit       		CODE           	658E	0000	86
		_ssdDigit      		CODE           	65E4	0000	88
		_ssdUpdate     		CODE           	6C50	0000	336

ssd.c estimated size: 510

C:\Program Files\Microchip\xc8\v2.32\pic\sources\c99\common\awdiv.c
		___awdiv       		CODE           	6A80	0000	196

C:\Program Files\Microchip\xc8\v2.32\pic\sources\c99\common\awdiv.c estimated size: 196

C:\Program Files\Microchip\xc8\v2.32\pic\sources\c99\common\aldiv.c
		___aldiv       		CODE           	6B44	0000	268

C:\Program Files\Microchip\xc8\v2.32\pic\sources\c99\common\aldiv.c estimated size: 268

keypad.c
		_kpInit        		CODE           	6480	0000	10
		_kpDebounce    		CODE           	6DA0	0000	382
		_kpRead        		CODE           	6476	0000	10

keypad.c estimated size: 402

io.c
		_digitalWrite  		CODE           	6F1E	0000	590
		_pinMode       		CODE           	7608	0000	590

io.c estimated size: 1180

Fechadura.c
		_acesso        		CODE           	7856	0000	758
		_teclado1      		CODE           	716C	0000	590
		_teclado2      		CODE           	73BA	0000	590
		_defineSenha   		CODE           	7B4C	0000	898

Fechadura.c estimated size: 2836

pwm.c
		_pwmInit       		CODE           	64B8	0000	26
		_pwmFrequency  		CODE           	6514	0000	38
		_pwmSet        		CODE           	663C	0000	108

pwm.c estimated size: 172

newmain.c
		_main          		CODE           	692A	0000	166

newmain.c estimated size: 166

C:\Program Files\Microchip\xc8\v2.32\pic\sources\c99\common\Umul16.c
		___wmul        		CODE           	64EE	0000	38

C:\Program Files\Microchip\xc8\v2.32\pic\sources\c99\common\Umul16.c estimated size: 38

shared
		__initialization		CODE           	648A	0000	12
		_valor@ssd$F285		MEDIUMCONST    	7ECF	0000	16

shared estimated size: 28

C:\Program Files\Microchip\xc8\v2.32\pic\sources\c99\common\awmod.c
		___awmod       		CODE           	69D0	0000	176

C:\Program Files\Microchip\xc8\v2.32\pic\sources\c99\common\awmod.c estimated size: 176

stdio.c
		_printf        		CODE           	6886	0000	164

stdio.c estimated size: 164

C:\Program Files\Microchip\xc8\v2.32\pic\sources\c99\common\lwdiv.c
		___lwdiv       		CODE           	671C	0000	116

C:\Program Files\Microchip\xc8\v2.32\pic\sources\c99\common\lwdiv.c estimated size: 116

lcd.c
		_lcdCommand    		CODE           	6808	0000	126
		_lcdNumber     		CODE           	66A8	0000	116
		_Delay40us     		CODE           	64A0	0000	24
		_lcdInit       		CODE           	6790	0000	120
		_lcdData       		CODE           	653A	0000	84
		_Delay2ms      		CODE           	64D2	0000	28

lcd.c estimated size: 498

